
> Configure project :app
WARNING: The option setting 'android.disallowKotlinSourceSets=false' is experimental.
The current default is 'true'.

> Task :app:preBuild UP-TO-DATE
> Task :app:preDebugBuild UP-TO-DATE
> Task :app:generateDebugResources UP-TO-DATE
> Task :app:packageDebugResources UP-TO-DATE
> Task :app:processDebugNavigationResources UP-TO-DATE
> Task :app:parseDebugLocalResources UP-TO-DATE
> Task :app:generateDebugRFile UP-TO-DATE
> Task :app:kspDebugKotlin UP-TO-DATE

> Task :app:compileDebugKotlin
./gradlew : e: file:///F:/softwares+apps/AndroidStud
ioDeps/Projects/LockInPlanner/app/src/main/java/com/
example/lockinplanner/ui/screens/CalendarScreen.kt:3
50:17 Syntax error: Expecting an element.
At line:1 char:1
+ ./gradlew compileDebugKotlin > build_output.txt 
2>&1 ; powershell -Co ...
+ 
~~~~~~~~~~~~~~~~~~~~~~~~~~~~~~~~~~~~~~~~~~~~~~~~~~~~
    + CategoryInfo          : NotSpecified: (e: fil 
   e:///F:/s...ing an element.:String) [], RemoteE  
  xception
    + FullyQualifiedErrorId : NativeCommandError
 
e: file:///F:/softwares+apps/AndroidStudioDeps/Proje
cts/LockInPlanner/app/src/main/java/com/example/lock
inplanner/ui/screens/TimelineScreen.kt:95:27 Cannot 
infer type for type parameter 'T'. Specify it 
explicitly.
e: file:///F:/softwares+apps/AndroidStudioDeps/Proje
cts/LockInPlanner/app/src/main/java/com/example/lock
inplanner/ui/screens/TimelineScreen.kt:144:9 
Unresolved reference 'calculatePositionedTasks'.
e: file:///F:/softwares+apps/AndroidStudioDeps/Proje
cts/LockInPlanner/app/src/main/java/com/example/lock
inplanner/ui/screens/TimelineScreen.kt:257:73 
Unresolved reference 'it'.
e: file:///F:/softwares+apps/AndroidStudioDeps/Proje
cts/LockInPlanner/app/src/main/java/com/example/lock
inplanner/ui/screens/TimelineScreen.kt:270:49 
Unresolved reference 'it'.
e: file:///F:/softwares+apps/AndroidStudioDeps/Proje
cts/LockInPlanner/app/src/main/java/com/example/lock
inplanner/ui/screens/TimelineScreen.kt:270:69 
Unresolved reference 'it'.
e: file:///F:/softwares+apps/AndroidStudioDeps/Proje
cts/LockInPlanner/app/src/main/java/com/example/lock
inplanner/ui/screens/TimelineScreen.kt:271:47 
Unresolved reference 'it'.
e: file:///F:/softwares+apps/AndroidStudioDeps/Proje
cts/LockInPlanner/app/src/main/java/com/example/lock
inplanner/ui/screens/TimelineScreen.kt:271:65 
Unresolved reference 'it'.
e: file:///F:/softwares+apps/AndroidStudioDeps/Proje
cts/LockInPlanner/app/src/main/java/com/example/lock
inplanner/ui/screens/TimelineScreen.kt:272:43 
'operator' modifier is required on 'fun <T> 
Comparable<T>.compareTo(other: T): Int'.
e: file:///F:/softwares+apps/AndroidStudioDeps/Proje
cts/LockInPlanner/app/src/main/java/com/example/lock
inplanner/ui/screens/TimelineScreen.kt:272:65 
'operator' modifier is required on 'fun <T> 
Comparable<T>.compareTo(other: T): Int'.
e: file:///F:/softwares+apps/AndroidStudioDeps/Proje
cts/LockInPlanner/app/src/main/java/com/example/lock
inplanner/ui/screens/TimelineScreen.kt:276:67 
Unresolved reference 'it'.
e: file:///F:/softwares+apps/AndroidStudioDeps/Proje
cts/LockInPlanner/app/src/main/java/com/example/lock
inplanner/ui/screens/TimelineScreen.kt:277:77 
Unresolved reference 'it'.
e: file:///F:/softwares+apps/AndroidStudioDeps/Proje
cts/LockInPlanner/app/src/main/java/com/example/lock
inplanner/ui/screens/TimelineScreen.kt:282:54 
Cannot infer type for type parameter 'V'. Specify 
it explicitly.
e: file:///F:/softwares+apps/AndroidStudioDeps/Proje
cts/LockInPlanner/app/src/main/java/com/example/lock
inplanner/ui/screens/TimelineScreen.kt:282:70 
Cannot infer type for type parameter 'T'. Specify 
it explicitly.
e: file:///F:/softwares+apps/AndroidStudioDeps/Proje
cts/LockInPlanner/app/src/main/java/com/example/lock
inplanner/ui/screens/TimelineScreen.kt:283:58 
Cannot infer type for value parameter 
'positionedTask'. Specify it explicitly.
e: file:///F:/softwares+apps/AndroidStudioDeps/Proje
cts/LockInPlanner/app/src/main/java/com/example/lock
inplanner/ui/screens/TimelineScreen.kt:284:67 
Unresolved reference 'task'.
e: file:///F:/softwares+apps/AndroidStudioDeps/Proje
cts/LockInPlanner/app/src/main/java/com/example/lock
inplanner/ui/screens/TimelineScreen.kt:294:41 
@Composable invocations can only happen from the 
context of a @Composable function
e: file:///F:/softwares+apps/AndroidStudioDeps/Proje
cts/LockInPlanner/app/src/main/java/com/example/lock
inplanner/ui/screens/TimelineScreen.kt:300:125 
@Composable invocations can only happen from the 
context of a @Composable function
e: file:///F:/softwares+apps/AndroidStudioDeps/Proje
cts/LockInPlanner/app/src/main/java/com/example/lock
inplanner/ui/screens/TimelineScreen.kt:309:92 
'operator' modifier is required on 'fun <T> 
Comparable<T>.compareTo(other: T): Int'.
e: file:///F:/softwares+apps/AndroidStudioDeps/Proje
cts/LockInPlanner/app/src/main/java/com/example/lock
inplanner/ui/screens/TimelineScreen.kt:349:17 
@Composable invocations can only happen from the 
context of a @Composable function
e: file:///F:/softwares+apps/AndroidStudioDeps/Proje
cts/LockInPlanner/app/src/main/java/com/example/lock
inplanner/ui/screens/TimelineScreen.kt:375:1 
Modifier 'private' is not applicable to 'local 
function'.
e: file:///F:/softwares+apps/AndroidStudioDeps/Proje
cts/LockInPlanner/app/src/main/java/com/example/lock
inplanner/ui/screens/TimelineScreen.kt:424:2 Syntax 
error: Expecting '}'.

> Task :app:compileDebugKotlin FAILED

FAILURE: Build failed with an exception.

* What went wrong:
7 actionable tasks: 1 executed, 6 up-to-date
Execution failed for task ':app:compileDebugKotlin'.
> A failure occurred while executing org.jetbrains.k
otlin.compilerRunner.GradleCompilerRunnerWithWorkers
$GradleKotlinCompilerWorkAction
   > Compilation error. See log for more details

* Try:
> Run with --stacktrace option to get the stack 
trace.
> Run with --info or --debug option to get more log 
output.
> Run with --scan to generate a Build Scan (Powered 
by Develocity).
> Get more help at https://help.gradle.org.

BUILD FAILED in 12s
